// Vitest Snapshot v1

exports[`renders with data 1`] = `
<div
  class="sc-bcXHqe dUfvPn"
>
  <div
    class="recharts-responsive-container"
    style="width: 100%; height: 100%;"
  />
</div>
`;

exports[`renders with no data 1`] = `
<div
  class="sc-gswNZR byiNGh"
>
  No performance graph to show yet!
</div>
`;
